22/04 - 18h08 - INFO - Lancement de l'application
22/04 - 18h08 - INFO - (SIM) Récupération des trades ouverts depuis le fichier .pkl
22/04 - 18h08 - DEBUG - (SIM) Données de compte simulées envoyées.
22/04 - 18h08 - DEBUG - ✅ Nouvelle ligne ajoutée : 2025-04-21 19:06:00
22/04 - 18h08 - INFO - (SIM) Récupération des trades ouverts depuis le fichier .pkl
22/04 - 18h08 - DEBUG - (SIM) Données de compte simulées envoyées.
22/04 - 18h08 - DEBUG - ✅ Nouvelle ligne ajoutée : 2025-04-21 19:07:00
22/04 - 18h08 - INFO - (SIM) Récupération des trades ouverts depuis le fichier .pkl
22/04 - 18h08 - DEBUG - (SIM) Données de compte simulées envoyées.
22/04 - 18h08 - DEBUG - ✅ Nouvelle ligne ajoutée : 2025-04-21 19:08:00
22/04 - 18h08 - INFO - (SIM) Récupération des trades ouverts depuis le fichier .pkl
22/04 - 18h08 - DEBUG - (SIM) Données de compte simulées envoyées.
22/04 - 18h08 - DEBUG - ✅ Nouvelle ligne ajoutée : 2025-04-21 19:09:00
22/04 - 18h08 - INFO - (SIM) Récupération des trades ouverts depuis le fichier .pkl
22/04 - 18h08 - DEBUG - (SIM) Données de compte simulées envoyées.
22/04 - 18h08 - DEBUG - ✅ Nouvelle ligne ajoutée : 2025-04-21 19:10:00
22/04 - 18h08 - INFO - (SIM) Récupération des trades ouverts depuis le fichier .pkl
22/04 - 18h08 - DEBUG - (SIM) Données de compte simulées envoyées.
22/04 - 18h08 - DEBUG - ✅ Nouvelle ligne ajoutée : 2025-04-21 19:11:00
22/04 - 18h08 - INFO - (SIM) Récupération des trades ouverts depuis le fichier .pkl
22/04 - 18h08 - DEBUG - (SIM) Données de compte simulées envoyées.
22/04 - 18h08 - DEBUG - ✅ Nouvelle ligne ajoutée : 2025-04-21 19:12:00
22/04 - 18h08 - INFO - (SIM) Récupération des trades ouverts depuis le fichier .pkl
22/04 - 18h08 - DEBUG - (SIM) Données de compte simulées envoyées.
22/04 - 18h09 - DEBUG - ✅ Nouvelle ligne ajoutée : 2025-04-21 19:13:00
22/04 - 18h09 - INFO - (SIM) Récupération des trades ouverts depuis le fichier .pkl
22/04 - 18h09 - DEBUG - (SIM) Données de compte simulées envoyées.
22/04 - 18h09 - DEBUG - ✅ Nouvelle ligne ajoutée : 2025-04-21 19:14:00
22/04 - 18h09 - INFO - (SIM) Récupération des trades ouverts depuis le fichier .pkl
22/04 - 18h09 - DEBUG - (SIM) Données de compte simulées envoyées.
22/04 - 18h09 - DEBUG - ✅ Nouvelle ligne ajoutée : 2025-04-21 19:15:00
22/04 - 18h09 - INFO - (SIM) Récupération des trades ouverts depuis le fichier .pkl
22/04 - 18h09 - DEBUG - (SIM) Données de compte simulées envoyées.
22/04 - 18h09 - DEBUG - ✅ Nouvelle ligne ajoutée : 2025-04-21 19:16:00
22/04 - 18h09 - INFO - (SIM) Récupération des trades ouverts depuis le fichier .pkl
22/04 - 18h09 - DEBUG - (SIM) Données de compte simulées envoyées.
22/04 - 18h09 - DEBUG - ✅ Nouvelle ligne ajoutée : 2025-04-21 19:17:00
22/04 - 18h09 - INFO - (SIM) Récupération des trades ouverts depuis le fichier .pkl
22/04 - 18h09 - DEBUG - (SIM) Données de compte simulées envoyées.
22/04 - 18h09 - DEBUG - ✅ Nouvelle ligne ajoutée : 2025-04-21 19:18:00
22/04 - 18h09 - INFO - (SIM) Récupération des trades ouverts depuis le fichier .pkl
22/04 - 18h09 - DEBUG - (SIM) Données de compte simulées envoyées.
22/04 - 18h09 - DEBUG - ✅ Nouvelle ligne ajoutée : 2025-04-21 19:19:00
22/04 - 18h09 - INFO - (SIM) Récupération des trades ouverts depuis le fichier .pkl
22/04 - 18h09 - DEBUG - (SIM) Données de compte simulées envoyées.
22/04 - 18h09 - DEBUG - ✅ Nouvelle ligne ajoutée : 2025-04-21 19:20:00
22/04 - 18h09 - INFO - (SIM) Récupération des trades ouverts depuis le fichier .pkl
22/04 - 18h09 - DEBUG - (SIM) Données de compte simulées envoyées.
22/04 - 18h09 - DEBUG - ✅ Nouvelle ligne ajoutée : 2025-04-21 19:21:00
22/04 - 18h09 - INFO - (SIM) Récupération des trades ouverts depuis le fichier .pkl
22/04 - 18h09 - DEBUG - (SIM) Données de compte simulées envoyées.
22/04 - 18h09 - DEBUG - ✅ Nouvelle ligne ajoutée : 2025-04-21 19:22:00
22/04 - 18h09 - INFO - (SIM) Récupération des trades ouverts depuis le fichier .pkl
22/04 - 18h09 - DEBUG - (SIM) Données de compte simulées envoyées.
22/04 - 18h09 - DEBUG - ✅ Nouvelle ligne ajoutée : 2025-04-21 19:23:00
22/04 - 18h09 - INFO - (SIM) Récupération des trades ouverts depuis le fichier .pkl
22/04 - 18h09 - DEBUG - (SIM) Données de compte simulées envoyées.
22/04 - 18h09 - DEBUG - ✅ Nouvelle ligne ajoutée : 2025-04-21 19:24:00
22/04 - 18h09 - INFO - (SIM) Récupération des trades ouverts depuis le fichier .pkl
22/04 - 18h09 - DEBUG - (SIM) Données de compte simulées envoyées.
22/04 - 18h09 - DEBUG - ✅ Nouvelle ligne ajoutée : 2025-04-21 19:25:00
22/04 - 18h09 - INFO - (SIM) Récupération des trades ouverts depuis le fichier .pkl
22/04 - 18h09 - DEBUG - (SIM) Données de compte simulées envoyées.
22/04 - 18h09 - DEBUG - ✅ Nouvelle ligne ajoutée : 2025-04-21 19:26:00
22/04 - 18h09 - INFO - (SIM) Récupération des trades ouverts depuis le fichier .pkl
22/04 - 18h09 - DEBUG - (SIM) Données de compte simulées envoyées.
22/04 - 18h09 - DEBUG - ✅ Nouvelle ligne ajoutée : 2025-04-21 19:27:00
22/04 - 18h09 - INFO - (SIM) Récupération des trades ouverts depuis le fichier .pkl
22/04 - 18h09 - DEBUG - (SIM) Données de compte simulées envoyées.
22/04 - 18h09 - DEBUG - Open order généré : Ordre OPEN  position SELL de 1.0 lots avec SL à 1.14978 et TP à 1.14922
22/04 - 18h09 - INFO - (SIM) Ouverture de position simulée : Ordre OPEN  position SELL de 1.0 lots avec SL à 1.14978 et TP à 1.14922
22/04 - 18h09 - DEBUG - ✅ Nouvelle ligne ajoutée : 2025-04-21 19:28:00
22/04 - 18h09 - INFO - (SIM) Récupération des trades ouverts depuis le fichier .pkl
22/04 - 18h09 - INFO - (SIM) Trade simulé trouvé ouvert -> Trade 0 (SELL 1.0) ouvert à 2025-04-22 18:09:28.796492 : entrée à 0.00000 avec un TP à 1.14922 et un SL à 1.14978
22/04 - 18h09 - DEBUG - (SIM) Données de compte simulées envoyées.
22/04 - 18h09 - INFO - 💥 Fermeture du trade 0 par SL à 2025-04-21 19:28:00
22/04 - 18h09 - DEBUG - ✅ Nouvelle ligne ajoutée : 2025-04-21 19:29:00
22/04 - 18h09 - INFO - (SIM) Récupération des trades ouverts depuis le fichier .pkl
22/04 - 18h09 - DEBUG - (SIM) Données de compte simulées envoyées.
22/04 - 18h09 - DEBUG - ✅ Nouvelle ligne ajoutée : 2025-04-21 19:30:00
22/04 - 18h09 - INFO - (SIM) Récupération des trades ouverts depuis le fichier .pkl
22/04 - 18h09 - DEBUG - (SIM) Données de compte simulées envoyées.
22/04 - 18h09 - DEBUG - ✅ Nouvelle ligne ajoutée : 2025-04-21 19:31:00
22/04 - 18h09 - INFO - (SIM) Récupération des trades ouverts depuis le fichier .pkl
22/04 - 18h09 - DEBUG - (SIM) Données de compte simulées envoyées.
22/04 - 18h09 - DEBUG - ✅ Nouvelle ligne ajoutée : 2025-04-21 19:32:00
22/04 - 18h09 - INFO - (SIM) Récupération des trades ouverts depuis le fichier .pkl
22/04 - 18h09 - DEBUG - (SIM) Données de compte simulées envoyées.
22/04 - 18h09 - DEBUG - ✅ Nouvelle ligne ajoutée : 2025-04-21 19:33:00
22/04 - 18h09 - INFO - (SIM) Récupération des trades ouverts depuis le fichier .pkl
22/04 - 18h09 - DEBUG - (SIM) Données de compte simulées envoyées.
22/04 - 18h09 - DEBUG - ✅ Nouvelle ligne ajoutée : 2025-04-21 19:34:00
22/04 - 18h09 - INFO - (SIM) Récupération des trades ouverts depuis le fichier .pkl
22/04 - 18h09 - DEBUG - (SIM) Données de compte simulées envoyées.
22/04 - 18h09 - DEBUG - ✅ Nouvelle ligne ajoutée : 2025-04-21 19:35:00
22/04 - 18h09 - INFO - (SIM) Récupération des trades ouverts depuis le fichier .pkl
22/04 - 18h09 - DEBUG - (SIM) Données de compte simulées envoyées.
