22/04 - 18h13 - INFO - Lancement de l'application
22/04 - 18h13 - INFO - 📥 Téléchargement initial des bougies...
22/04 - 18h13 - INFO - 📥 Mise à jour : récupération de la dernière bougie...
22/04 - 18h13 - DEBUG - ⚠️ Ligne ignorée (doublon) : 2025-04-22 18:13:00
22/04 - 18h13 - INFO - Récupération des trades déjà ouverts ...
22/04 - 18h13 - INFO - 0 position(s) retournée(s) par le serveur
22/04 - 18h13 - DEBUG - Connexion au serveur pour récupération des données du compte ...
22/04 - 18h13 - DEBUG - Compte connecté : {'accountId': 'Z5YW5L', 'accountName': 'CFD', 'accountAlias': None, 'status': 'ENABLED', 'accountType': 'CFD', 'preferred': True, 'currency': 'EUR', 'canTransferFrom': True, 'canTransferTo': True, 'available': 9973.91, 'balance': 9973.91, 'deposit': 0.0, 'profitLoss': 0.0}
22/04 - 18h14 - INFO - 📥 Mise à jour : récupération de la dernière bougie...
22/04 - 18h14 - DEBUG - ✅ Nouvelle ligne ajoutée : 2025-04-22 18:14:00
22/04 - 18h14 - INFO - Récupération des trades déjà ouverts ...
22/04 - 18h14 - INFO - 1 position(s) retournée(s) par le serveur
22/04 - 18h14 - INFO - Le trade suivant a été trouvé ouvert -> Trade 0 (SELL 2.0) ouvert à 2025-04-22 18:14:40 : entrée à 1.14589 avec un TP à 1.14506 et un SL à N/A
22/04 - 18h14 - DEBUG - Connexion au serveur pour récupération des données du compte ...
22/04 - 18h14 - DEBUG - Compte connecté : {'accountId': 'Z5YW5L', 'accountName': 'CFD', 'accountAlias': None, 'status': 'ENABLED', 'accountType': 'CFD', 'preferred': True, 'currency': 'EUR', 'canTransferFrom': True, 'canTransferTo': True, 'available': 9305.81, 'balance': 9973.91, 'deposit': 666.01, 'profitLoss': -2.09}
22/04 - 18h14 - DEBUG - Update order généré : Ordre UPDATE pour le trade n°DIAAAATJC6EMUA6, on passe le SL à 1.14617 et le TP à 1.14506
22/04 - 18h14 - INFO - Ordre passé au serveur : Ordre UPDATE pour le trade n°DIAAAATJC6EMUA6, on passe le SL à 1.14617 et le TP à 1.14506
22/04 - 18h14 - INFO - ✅ Ordre accepté par le serveur
22/04 - 18h15 - INFO - 📥 Mise à jour : récupération de la dernière bougie...
22/04 - 18h15 - DEBUG - ✅ Nouvelle ligne ajoutée : 2025-04-22 18:15:00
22/04 - 18h15 - INFO - Récupération des trades déjà ouverts ...
22/04 - 18h15 - INFO - 1 position(s) retournée(s) par le serveur
22/04 - 18h15 - INFO - Le trade suivant a été trouvé ouvert -> Trade 1 (SELL 2.0) ouvert à 2025-04-22 18:14:40 : entrée à 1.14589 avec un TP à 1.14506 et un SL à 1.14682
22/04 - 18h15 - DEBUG - Connexion au serveur pour récupération des données du compte ...
22/04 - 18h15 - DEBUG - Compte connecté : {'accountId': 'Z5YW5L', 'accountName': 'CFD', 'accountAlias': None, 'status': 'ENABLED', 'accountType': 'CFD', 'preferred': True, 'currency': 'EUR', 'canTransferFrom': True, 'canTransferTo': True, 'available': 9305.64, 'balance': 9973.91, 'deposit': 666.0, 'profitLoss': -2.27}
22/04 - 18h15 - DEBUG - Update order généré : Ordre UPDATE pour le trade n°DIAAAATJC6EMUA6, on passe le SL à 1.14614 et le TP à 1.14506
22/04 - 18h15 - INFO - Ordre passé au serveur : Ordre UPDATE pour le trade n°DIAAAATJC6EMUA6, on passe le SL à 1.14614 et le TP à 1.14506
22/04 - 18h15 - INFO - ❌ Ordre refusé par le serveur : ATTACHED_ORDER_LEVEL_ERROR
22/04 - 18h15 - INFO - {'date': '2025-04-22T16:15:43.861', 'status': None, 'reason': 'ATTACHED_ORDER_LEVEL_ERROR', 'dealStatus': 'REJECTED', 'epic': 'CS.D.EURUSD.MINI.IP', 'expiry': None, 'dealReference': '4U3R7T6EU2GTYPT', 'dealId': 'DIAAAATJC6NQMAW', 'affectedDeals': [], 'level': None, 'size': None, 'direction': 'SELL', 'stopLevel': None, 'limitLevel': None, 'stopDistance': None, 'limitDistance': None, 'guaranteedStop': False, 'trailingStop': False, 'profit': None, 'profitCurrency': None}
22/04 - 18h16 - INFO - 📥 Mise à jour : récupération de la dernière bougie...
22/04 - 18h16 - DEBUG - ✅ Nouvelle ligne ajoutée : 2025-04-22 18:16:00
22/04 - 18h16 - INFO - Récupération des trades déjà ouverts ...
22/04 - 18h16 - INFO - 1 position(s) retournée(s) par le serveur
22/04 - 18h16 - INFO - Le trade suivant a été trouvé ouvert -> Trade 2 (SELL 2.0) ouvert à 2025-04-22 18:14:40 : entrée à 1.14589 avec un TP à 1.14506 et un SL à 1.14682
22/04 - 18h16 - DEBUG - Connexion au serveur pour récupération des données du compte ...
22/04 - 18h16 - DEBUG - Compte connecté : {'accountId': 'Z5YW5L', 'accountName': 'CFD', 'accountAlias': None, 'status': 'ENABLED', 'accountType': 'CFD', 'preferred': True, 'currency': 'EUR', 'canTransferFrom': True, 'canTransferTo': True, 'available': 9307.7, 'balance': 9973.91, 'deposit': 666.04, 'profitLoss': -0.17}
22/04 - 18h16 - DEBUG - Update order généré : Ordre UPDATE pour le trade n°DIAAAATJC6EMUA6, on passe le SL à 1.14612 et le TP à 1.14506
22/04 - 18h16 - INFO - Ordre passé au serveur : Ordre UPDATE pour le trade n°DIAAAATJC6EMUA6, on passe le SL à 1.14612 et le TP à 1.14506
22/04 - 18h16 - INFO - ✅ Ordre accepté par le serveur
22/04 - 18h16 - DEBUG - Open order généré : Ordre OPEN  position SELL de 1.0 lots avec SL à 1.14609 et TP à 1.14488
22/04 - 18h16 - INFO - Tentative d'ouverture de position
22/04 - 18h16 - INFO - Ordre envoyé : Ordre OPEN  position SELL de 1.0 lots avec SL à 1.14609 et TP à 1.14488
22/04 - 18h17 - INFO - 📥 Mise à jour : récupération de la dernière bougie...
22/04 - 18h17 - DEBUG - ✅ Nouvelle ligne ajoutée : 2025-04-22 18:17:00
22/04 - 18h17 - INFO - Récupération des trades déjà ouverts ...
22/04 - 18h17 - INFO - 2 position(s) retournée(s) par le serveur
22/04 - 18h17 - INFO - Le trade suivant a été trouvé ouvert -> Trade 3 (SELL 2.0) ouvert à 2025-04-22 18:14:40 : entrée à 1.14589 avec un TP à 1.14506 et un SL à 1.14612
22/04 - 18h17 - INFO - Le trade suivant a été trouvé ouvert -> Trade 4 (SELL 1.0) ouvert à 2025-04-22 18:16:46 : entrée à 1.14582 avec un TP à 1.14488 et un SL à 1.14609
22/04 - 18h17 - DEBUG - Connexion au serveur pour récupération des données du compte ...
22/04 - 18h17 - DEBUG - Compte connecté : {'accountId': 'Z5YW5L', 'accountName': 'CFD', 'accountAlias': None, 'status': 'ENABLED', 'accountType': 'CFD', 'preferred': True, 'currency': 'EUR', 'canTransferFrom': True, 'canTransferTo': True, 'available': 8985.16, 'balance': 9973.91, 'deposit': 999.4, 'profitLoss': 10.65}
22/04 - 18h17 - ERROR - ERREUR : plus d'un trade ouvert
22/04 - 18h18 - INFO - 📥 Mise à jour : récupération de la dernière bougie...
22/04 - 18h18 - DEBUG - ✅ Nouvelle ligne ajoutée : 2025-04-22 18:18:00
22/04 - 18h18 - INFO - Récupération des trades déjà ouverts ...
22/04 - 18h18 - INFO - 2 position(s) retournée(s) par le serveur
22/04 - 18h18 - INFO - Le trade suivant a été trouvé ouvert -> Trade 5 (SELL 2.0) ouvert à 2025-04-22 18:14:40 : entrée à 1.14589 avec un TP à 1.14506 et un SL à 1.14612
22/04 - 18h18 - INFO - Le trade suivant a été trouvé ouvert -> Trade 6 (SELL 1.0) ouvert à 2025-04-22 18:16:46 : entrée à 1.14582 avec un TP à 1.14488 et un SL à 1.14609
22/04 - 18h18 - DEBUG - Connexion au serveur pour récupération des données du compte ...
22/04 - 18h18 - DEBUG - Compte connecté : {'accountId': 'Z5YW5L', 'accountName': 'CFD', 'accountAlias': None, 'status': 'ENABLED', 'accountType': 'CFD', 'preferred': True, 'currency': 'EUR', 'canTransferFrom': True, 'canTransferTo': True, 'available': 8984.42, 'balance': 9973.91, 'deposit': 999.36, 'profitLoss': 9.87}
22/04 - 18h18 - ERROR - ERREUR : plus d'un trade ouvert
22/04 - 18h19 - INFO - 📥 Mise à jour : récupération de la dernière bougie...
22/04 - 18h19 - DEBUG - ✅ Nouvelle ligne ajoutée : 2025-04-22 18:19:00
22/04 - 18h19 - INFO - Récupération des trades déjà ouverts ...
22/04 - 18h19 - INFO - 2 position(s) retournée(s) par le serveur
22/04 - 18h19 - INFO - Le trade suivant a été trouvé ouvert -> Trade 7 (SELL 2.0) ouvert à 2025-04-22 18:14:40 : entrée à 1.14589 avec un TP à 1.14506 et un SL à 1.14612
22/04 - 18h19 - INFO - Le trade suivant a été trouvé ouvert -> Trade 8 (SELL 1.0) ouvert à 2025-04-22 18:16:46 : entrée à 1.14582 avec un TP à 1.14488 et un SL à 1.14609
22/04 - 18h19 - DEBUG - Connexion au serveur pour récupération des données du compte ...
22/04 - 18h19 - DEBUG - Compte connecté : {'accountId': 'Z5YW5L', 'accountName': 'CFD', 'accountAlias': None, 'status': 'ENABLED', 'accountType': 'CFD', 'preferred': True, 'currency': 'EUR', 'canTransferFrom': True, 'canTransferTo': True, 'available': 8994.53, 'balance': 9973.91, 'deposit': 999.73, 'profitLoss': 20.35}
22/04 - 18h19 - ERROR - ERREUR : plus d'un trade ouvert
22/04 - 18h20 - INFO - 📥 Mise à jour : récupération de la dernière bougie...
22/04 - 18h20 - DEBUG - ✅ Nouvelle ligne ajoutée : 2025-04-22 18:20:00
22/04 - 18h20 - INFO - Récupération des trades déjà ouverts ...
22/04 - 18h20 - INFO - 0 position(s) retournée(s) par le serveur
22/04 - 18h20 - DEBUG - Connexion au serveur pour récupération des données du compte ...
22/04 - 18h20 - DEBUG - Compte connecté : {'accountId': 'Z5YW5L', 'accountName': 'CFD', 'accountAlias': None, 'status': 'ENABLED', 'accountType': 'CFD', 'preferred': True, 'currency': 'EUR', 'canTransferFrom': True, 'canTransferTo': True, 'available': 9996.4, 'balance': 9996.4, 'deposit': 0.0, 'profitLoss': 0.0}
22/04 - 18h21 - INFO - 📥 Mise à jour : récupération de la dernière bougie...
22/04 - 18h21 - DEBUG - ✅ Nouvelle ligne ajoutée : 2025-04-22 18:21:00
22/04 - 18h21 - INFO - Récupération des trades déjà ouverts ...
22/04 - 18h21 - INFO - 0 position(s) retournée(s) par le serveur
22/04 - 18h21 - DEBUG - Connexion au serveur pour récupération des données du compte ...
22/04 - 18h21 - DEBUG - Compte connecté : {'accountId': 'Z5YW5L', 'accountName': 'CFD', 'accountAlias': None, 'status': 'ENABLED', 'accountType': 'CFD', 'preferred': True, 'currency': 'EUR', 'canTransferFrom': True, 'canTransferTo': True, 'available': 9996.4, 'balance': 9996.4, 'deposit': 0.0, 'profitLoss': 0.0}
22/04 - 18h22 - INFO - 📥 Mise à jour : récupération de la dernière bougie...
22/04 - 18h22 - DEBUG - ✅ Nouvelle ligne ajoutée : 2025-04-22 18:22:00
22/04 - 18h22 - INFO - Récupération des trades déjà ouverts ...
22/04 - 18h22 - INFO - 0 position(s) retournée(s) par le serveur
22/04 - 18h22 - DEBUG - Connexion au serveur pour récupération des données du compte ...
22/04 - 18h22 - DEBUG - Compte connecté : {'accountId': 'Z5YW5L', 'accountName': 'CFD', 'accountAlias': None, 'status': 'ENABLED', 'accountType': 'CFD', 'preferred': True, 'currency': 'EUR', 'canTransferFrom': True, 'canTransferTo': True, 'available': 9996.4, 'balance': 9996.4, 'deposit': 0.0, 'profitLoss': 0.0}
22/04 - 18h23 - INFO - 📥 Mise à jour : récupération de la dernière bougie...
22/04 - 18h23 - DEBUG - ✅ Nouvelle ligne ajoutée : 2025-04-22 18:23:00
22/04 - 18h23 - INFO - Récupération des trades déjà ouverts ...
22/04 - 18h23 - INFO - 0 position(s) retournée(s) par le serveur
22/04 - 18h23 - DEBUG - Connexion au serveur pour récupération des données du compte ...
22/04 - 18h23 - DEBUG - Compte connecté : {'accountId': 'Z5YW5L', 'accountName': 'CFD', 'accountAlias': None, 'status': 'ENABLED', 'accountType': 'CFD', 'preferred': True, 'currency': 'EUR', 'canTransferFrom': True, 'canTransferTo': True, 'available': 9996.4, 'balance': 9996.4, 'deposit': 0.0, 'profitLoss': 0.0}
22/04 - 18h24 - INFO - 📥 Mise à jour : récupération de la dernière bougie...
22/04 - 18h24 - DEBUG - ✅ Nouvelle ligne ajoutée : 2025-04-22 18:24:00
22/04 - 18h24 - INFO - Récupération des trades déjà ouverts ...
22/04 - 18h24 - INFO - 0 position(s) retournée(s) par le serveur
22/04 - 18h24 - DEBUG - Connexion au serveur pour récupération des données du compte ...
22/04 - 18h24 - DEBUG - Compte connecté : {'accountId': 'Z5YW5L', 'accountName': 'CFD', 'accountAlias': None, 'status': 'ENABLED', 'accountType': 'CFD', 'preferred': True, 'currency': 'EUR', 'canTransferFrom': True, 'canTransferTo': True, 'available': 9996.4, 'balance': 9996.4, 'deposit': 0.0, 'profitLoss': 0.0}
22/04 - 18h25 - INFO - 📥 Mise à jour : récupération de la dernière bougie...
22/04 - 18h25 - DEBUG - ✅ Nouvelle ligne ajoutée : 2025-04-22 18:25:00
22/04 - 18h25 - INFO - Récupération des trades déjà ouverts ...
22/04 - 18h25 - INFO - 0 position(s) retournée(s) par le serveur
22/04 - 18h25 - DEBUG - Connexion au serveur pour récupération des données du compte ...
22/04 - 18h25 - DEBUG - Compte connecté : {'accountId': 'Z5YW5L', 'accountName': 'CFD', 'accountAlias': None, 'status': 'ENABLED', 'accountType': 'CFD', 'preferred': True, 'currency': 'EUR', 'canTransferFrom': True, 'canTransferTo': True, 'available': 9996.4, 'balance': 9996.4, 'deposit': 0.0, 'profitLoss': 0.0}
22/04 - 18h26 - INFO - 📥 Mise à jour : récupération de la dernière bougie...
22/04 - 18h26 - DEBUG - ✅ Nouvelle ligne ajoutée : 2025-04-22 18:26:00
22/04 - 18h26 - INFO - Récupération des trades déjà ouverts ...
22/04 - 18h27 - INFO - 0 position(s) retournée(s) par le serveur
22/04 - 18h27 - DEBUG - Connexion au serveur pour récupération des données du compte ...
22/04 - 18h27 - DEBUG - Compte connecté : {'accountId': 'Z5YW5L', 'accountName': 'CFD', 'accountAlias': None, 'status': 'ENABLED', 'accountType': 'CFD', 'preferred': True, 'currency': 'EUR', 'canTransferFrom': True, 'canTransferTo': True, 'available': 9996.4, 'balance': 9996.4, 'deposit': 0.0, 'profitLoss': 0.0}
22/04 - 18h28 - INFO - 📥 Mise à jour : récupération de la dernière bougie...
22/04 - 18h28 - DEBUG - ✅ Nouvelle ligne ajoutée : 2025-04-22 18:28:00
22/04 - 18h28 - INFO - Récupération des trades déjà ouverts ...
22/04 - 18h28 - INFO - 0 position(s) retournée(s) par le serveur
22/04 - 18h28 - DEBUG - Connexion au serveur pour récupération des données du compte ...
22/04 - 18h28 - DEBUG - Compte connecté : {'accountId': 'Z5YW5L', 'accountName': 'CFD', 'accountAlias': None, 'status': 'ENABLED', 'accountType': 'CFD', 'preferred': True, 'currency': 'EUR', 'canTransferFrom': True, 'canTransferTo': True, 'available': 9996.4, 'balance': 9996.4, 'deposit': 0.0, 'profitLoss': 0.0}
22/04 - 18h29 - INFO - 📥 Mise à jour : récupération de la dernière bougie...
22/04 - 18h29 - DEBUG - ✅ Nouvelle ligne ajoutée : 2025-04-22 18:29:00
22/04 - 18h29 - INFO - Récupération des trades déjà ouverts ...
22/04 - 18h29 - INFO - 0 position(s) retournée(s) par le serveur
22/04 - 18h29 - DEBUG - Connexion au serveur pour récupération des données du compte ...
22/04 - 18h29 - DEBUG - Compte connecté : {'accountId': 'Z5YW5L', 'accountName': 'CFD', 'accountAlias': None, 'status': 'ENABLED', 'accountType': 'CFD', 'preferred': True, 'currency': 'EUR', 'canTransferFrom': True, 'canTransferTo': True, 'available': 9996.4, 'balance': 9996.4, 'deposit': 0.0, 'profitLoss': 0.0}
22/04 - 18h30 - INFO - 📥 Mise à jour : récupération de la dernière bougie...
22/04 - 18h30 - DEBUG - ✅ Nouvelle ligne ajoutée : 2025-04-22 18:30:00
22/04 - 18h30 - INFO - Récupération des trades déjà ouverts ...
22/04 - 18h30 - INFO - 0 position(s) retournée(s) par le serveur
22/04 - 18h30 - DEBUG - Connexion au serveur pour récupération des données du compte ...
22/04 - 18h30 - DEBUG - Compte connecté : {'accountId': 'Z5YW5L', 'accountName': 'CFD', 'accountAlias': None, 'status': 'ENABLED', 'accountType': 'CFD', 'preferred': True, 'currency': 'EUR', 'canTransferFrom': True, 'canTransferTo': True, 'available': 9996.4, 'balance': 9996.4, 'deposit': 0.0, 'profitLoss': 0.0}
22/04 - 18h31 - INFO - 📥 Mise à jour : récupération de la dernière bougie...
22/04 - 18h31 - DEBUG - ✅ Nouvelle ligne ajoutée : 2025-04-22 18:31:00
22/04 - 18h31 - INFO - Récupération des trades déjà ouverts ...
22/04 - 18h31 - INFO - 0 position(s) retournée(s) par le serveur
22/04 - 18h31 - DEBUG - Connexion au serveur pour récupération des données du compte ...
22/04 - 18h31 - DEBUG - Compte connecté : {'accountId': 'Z5YW5L', 'accountName': 'CFD', 'accountAlias': None, 'status': 'ENABLED', 'accountType': 'CFD', 'preferred': True, 'currency': 'EUR', 'canTransferFrom': True, 'canTransferTo': True, 'available': 9996.4, 'balance': 9996.4, 'deposit': 0.0, 'profitLoss': 0.0}
22/04 - 18h31 - DEBUG - Open order généré : Ordre OPEN  position BUY de 1.0 lots avec SL à 1.14486 et TP à 1.14614
22/04 - 18h31 - INFO - Tentative d'ouverture de position
22/04 - 18h31 - INFO - Ordre envoyé : Ordre OPEN  position BUY de 1.0 lots avec SL à 1.14486 et TP à 1.14614
22/04 - 18h32 - INFO - 📥 Mise à jour : récupération de la dernière bougie...
22/04 - 18h32 - DEBUG - ✅ Nouvelle ligne ajoutée : 2025-04-22 18:32:00
22/04 - 18h32 - INFO - Récupération des trades déjà ouverts ...
22/04 - 18h32 - INFO - 0 position(s) retournée(s) par le serveur
22/04 - 18h32 - DEBUG - Connexion au serveur pour récupération des données du compte ...
22/04 - 18h32 - DEBUG - Compte connecté : {'accountId': 'Z5YW5L', 'accountName': 'CFD', 'accountAlias': None, 'status': 'ENABLED', 'accountType': 'CFD', 'preferred': True, 'currency': 'EUR', 'canTransferFrom': True, 'canTransferTo': True, 'available': 9993.58, 'balance': 9993.58, 'deposit': 0.0, 'profitLoss': 0.0}
22/04 - 18h33 - INFO - 📥 Mise à jour : récupération de la dernière bougie...
22/04 - 18h33 - DEBUG - ✅ Nouvelle ligne ajoutée : 2025-04-22 18:33:00
22/04 - 18h33 - INFO - Récupération des trades déjà ouverts ...
22/04 - 18h33 - INFO - 0 position(s) retournée(s) par le serveur
22/04 - 18h33 - DEBUG - Connexion au serveur pour récupération des données du compte ...
22/04 - 18h33 - DEBUG - Compte connecté : {'accountId': 'Z5YW5L', 'accountName': 'CFD', 'accountAlias': None, 'status': 'ENABLED', 'accountType': 'CFD', 'preferred': True, 'currency': 'EUR', 'canTransferFrom': True, 'canTransferTo': True, 'available': 9993.58, 'balance': 9993.58, 'deposit': 0.0, 'profitLoss': 0.0}
22/04 - 18h34 - INFO - 📥 Mise à jour : récupération de la dernière bougie...
22/04 - 18h34 - DEBUG - ✅ Nouvelle ligne ajoutée : 2025-04-22 18:34:00
22/04 - 18h34 - INFO - Récupération des trades déjà ouverts ...
22/04 - 18h34 - INFO - 0 position(s) retournée(s) par le serveur
22/04 - 18h34 - DEBUG - Connexion au serveur pour récupération des données du compte ...
22/04 - 18h34 - DEBUG - Compte connecté : {'accountId': 'Z5YW5L', 'accountName': 'CFD', 'accountAlias': None, 'status': 'ENABLED', 'accountType': 'CFD', 'preferred': True, 'currency': 'EUR', 'canTransferFrom': True, 'canTransferTo': True, 'available': 9993.58, 'balance': 9993.58, 'deposit': 0.0, 'profitLoss': 0.0}
22/04 - 18h35 - INFO - 📥 Mise à jour : récupération de la dernière bougie...
22/04 - 18h35 - DEBUG - ✅ Nouvelle ligne ajoutée : 2025-04-22 18:35:00
22/04 - 18h35 - INFO - Récupération des trades déjà ouverts ...
22/04 - 18h35 - INFO - 0 position(s) retournée(s) par le serveur
22/04 - 18h35 - DEBUG - Connexion au serveur pour récupération des données du compte ...
22/04 - 18h35 - DEBUG - Compte connecté : {'accountId': 'Z5YW5L', 'accountName': 'CFD', 'accountAlias': None, 'status': 'ENABLED', 'accountType': 'CFD', 'preferred': True, 'currency': 'EUR', 'canTransferFrom': True, 'canTransferTo': True, 'available': 9993.58, 'balance': 9993.58, 'deposit': 0.0, 'profitLoss': 0.0}
22/04 - 18h36 - INFO - 📥 Mise à jour : récupération de la dernière bougie...
22/04 - 18h36 - DEBUG - ✅ Nouvelle ligne ajoutée : 2025-04-22 18:36:00
22/04 - 18h36 - INFO - Récupération des trades déjà ouverts ...
22/04 - 18h36 - INFO - 0 position(s) retournée(s) par le serveur
22/04 - 18h36 - DEBUG - Connexion au serveur pour récupération des données du compte ...
22/04 - 18h36 - DEBUG - Compte connecté : {'accountId': 'Z5YW5L', 'accountName': 'CFD', 'accountAlias': None, 'status': 'ENABLED', 'accountType': 'CFD', 'preferred': True, 'currency': 'EUR', 'canTransferFrom': True, 'canTransferTo': True, 'available': 9993.58, 'balance': 9993.58, 'deposit': 0.0, 'profitLoss': 0.0}
22/04 - 18h37 - INFO - 📥 Mise à jour : récupération de la dernière bougie...
22/04 - 18h37 - DEBUG - ✅ Nouvelle ligne ajoutée : 2025-04-22 18:37:00
22/04 - 18h37 - INFO - Récupération des trades déjà ouverts ...
22/04 - 18h37 - INFO - 0 position(s) retournée(s) par le serveur
22/04 - 18h37 - DEBUG - Connexion au serveur pour récupération des données du compte ...
22/04 - 18h37 - DEBUG - Compte connecté : {'accountId': 'Z5YW5L', 'accountName': 'CFD', 'accountAlias': None, 'status': 'ENABLED', 'accountType': 'CFD', 'preferred': True, 'currency': 'EUR', 'canTransferFrom': True, 'canTransferTo': True, 'available': 9993.58, 'balance': 9993.58, 'deposit': 0.0, 'profitLoss': 0.0}
22/04 - 18h38 - INFO - 📥 Mise à jour : récupération de la dernière bougie...
22/04 - 18h38 - DEBUG - ✅ Nouvelle ligne ajoutée : 2025-04-22 18:38:00
22/04 - 18h38 - INFO - Récupération des trades déjà ouverts ...
22/04 - 18h38 - INFO - 0 position(s) retournée(s) par le serveur
22/04 - 18h38 - DEBUG - Connexion au serveur pour récupération des données du compte ...
22/04 - 18h38 - DEBUG - Compte connecté : {'accountId': 'Z5YW5L', 'accountName': 'CFD', 'accountAlias': None, 'status': 'ENABLED', 'accountType': 'CFD', 'preferred': True, 'currency': 'EUR', 'canTransferFrom': True, 'canTransferTo': True, 'available': 9993.58, 'balance': 9993.58, 'deposit': 0.0, 'profitLoss': 0.0}
22/04 - 18h39 - INFO - 📥 Mise à jour : récupération de la dernière bougie...
22/04 - 18h39 - DEBUG - ✅ Nouvelle ligne ajoutée : 2025-04-22 18:39:00
22/04 - 18h39 - INFO - Récupération des trades déjà ouverts ...
22/04 - 18h39 - INFO - 0 position(s) retournée(s) par le serveur
22/04 - 18h39 - DEBUG - Connexion au serveur pour récupération des données du compte ...
22/04 - 18h39 - DEBUG - Compte connecté : {'accountId': 'Z5YW5L', 'accountName': 'CFD', 'accountAlias': None, 'status': 'ENABLED', 'accountType': 'CFD', 'preferred': True, 'currency': 'EUR', 'canTransferFrom': True, 'canTransferTo': True, 'available': 9993.58, 'balance': 9993.58, 'deposit': 0.0, 'profitLoss': 0.0}
22/04 - 18h40 - INFO - 📥 Mise à jour : récupération de la dernière bougie...
22/04 - 18h40 - DEBUG - ✅ Nouvelle ligne ajoutée : 2025-04-22 18:40:00
22/04 - 18h40 - INFO - Récupération des trades déjà ouverts ...
22/04 - 18h40 - INFO - 0 position(s) retournée(s) par le serveur
22/04 - 18h40 - DEBUG - Connexion au serveur pour récupération des données du compte ...
22/04 - 18h40 - DEBUG - Compte connecté : {'accountId': 'Z5YW5L', 'accountName': 'CFD', 'accountAlias': None, 'status': 'ENABLED', 'accountType': 'CFD', 'preferred': True, 'currency': 'EUR', 'canTransferFrom': True, 'canTransferTo': True, 'available': 9993.58, 'balance': 9993.58, 'deposit': 0.0, 'profitLoss': 0.0}
22/04 - 18h41 - INFO - 📥 Mise à jour : récupération de la dernière bougie...
22/04 - 18h41 - DEBUG - ✅ Nouvelle ligne ajoutée : 2025-04-22 18:41:00
22/04 - 18h41 - INFO - Récupération des trades déjà ouverts ...
22/04 - 18h41 - INFO - 0 position(s) retournée(s) par le serveur
22/04 - 18h41 - DEBUG - Connexion au serveur pour récupération des données du compte ...
22/04 - 18h41 - DEBUG - Compte connecté : {'accountId': 'Z5YW5L', 'accountName': 'CFD', 'accountAlias': None, 'status': 'ENABLED', 'accountType': 'CFD', 'preferred': True, 'currency': 'EUR', 'canTransferFrom': True, 'canTransferTo': True, 'available': 9993.58, 'balance': 9993.58, 'deposit': 0.0, 'profitLoss': 0.0}
22/04 - 18h41 - DEBUG - Open order généré : Ordre OPEN  position BUY de 1.0 lots avec SL à 1.14471 et TP à 1.14559
22/04 - 18h41 - INFO - Tentative d'ouverture de position
22/04 - 18h41 - INFO - Ordre envoyé : Ordre OPEN  position BUY de 1.0 lots avec SL à 1.14471 et TP à 1.14559
22/04 - 18h42 - INFO - 📥 Mise à jour : récupération de la dernière bougie...
22/04 - 18h42 - DEBUG - ✅ Nouvelle ligne ajoutée : 2025-04-22 18:42:00
22/04 - 18h42 - INFO - Récupération des trades déjà ouverts ...
22/04 - 18h42 - INFO - 1 position(s) retournée(s) par le serveur
22/04 - 18h42 - INFO - Le trade suivant a été trouvé ouvert -> Trade 9 (BUY 1.0) ouvert à 2025-04-22 18:41:21 : entrée à 1.14492 avec un TP à 1.14559 et un SL à 1.14471
22/04 - 18h42 - DEBUG - Connexion au serveur pour récupération des données du compte ...
22/04 - 18h42 - DEBUG - Compte connecté : {'accountId': 'Z5YW5L', 'accountName': 'CFD', 'accountAlias': None, 'status': 'ENABLED', 'accountType': 'CFD', 'preferred': True, 'currency': 'EUR', 'canTransferFrom': True, 'canTransferTo': True, 'available': 9659.69, 'balance': 9993.58, 'deposit': 333.02, 'profitLoss': -0.87}
22/04 - 18h42 - DEBUG - Update order généré : Ordre UPDATE pour le trade n°DIAAAATJDGK8LAF, on passe le SL à 1.14473 et le TP à 1.14559
22/04 - 18h42 - INFO - Ordre passé au serveur : Ordre UPDATE pour le trade n°DIAAAATJDGK8LAF, on passe le SL à 1.14473 et le TP à 1.14559
22/04 - 18h42 - INFO - ❌ Ordre refusé par le serveur : ATTACHED_ORDER_LEVEL_ERROR
22/04 - 18h42 - INFO - {'date': '2025-04-22T16:42:23.247', 'status': None, 'reason': 'ATTACHED_ORDER_LEVEL_ERROR', 'dealStatus': 'REJECTED', 'epic': 'CS.D.EURUSD.MINI.IP', 'expiry': None, 'dealReference': 'MXATATGDS88TYPT', 'dealId': 'DIAAAATJDGH4RAD', 'affectedDeals': [], 'level': None, 'size': None, 'direction': 'BUY', 'stopLevel': None, 'limitLevel': None, 'stopDistance': None, 'limitDistance': None, 'guaranteedStop': False, 'trailingStop': False, 'profit': None, 'profitCurrency': None}
22/04 - 18h43 - INFO - 📥 Mise à jour : récupération de la dernière bougie...
22/04 - 18h43 - DEBUG - ✅ Nouvelle ligne ajoutée : 2025-04-22 18:43:00
22/04 - 18h43 - INFO - Récupération des trades déjà ouverts ...
22/04 - 18h43 - INFO - 0 position(s) retournée(s) par le serveur
22/04 - 18h43 - DEBUG - Connexion au serveur pour récupération des données du compte ...
22/04 - 18h43 - DEBUG - Compte connecté : {'accountId': 'Z5YW5L', 'accountName': 'CFD', 'accountAlias': None, 'status': 'ENABLED', 'accountType': 'CFD', 'preferred': True, 'currency': 'EUR', 'canTransferFrom': True, 'canTransferTo': True, 'available': 9993.58, 'balance': 9993.58, 'deposit': 0.0, 'profitLoss': 0.0}
22/04 - 18h44 - INFO - 📥 Mise à jour : récupération de la dernière bougie...
22/04 - 18h44 - DEBUG - ✅ Nouvelle ligne ajoutée : 2025-04-22 18:44:00
22/04 - 18h44 - INFO - Récupération des trades déjà ouverts ...
22/04 - 18h44 - INFO - 0 position(s) retournée(s) par le serveur
22/04 - 18h44 - DEBUG - Connexion au serveur pour récupération des données du compte ...
22/04 - 18h44 - DEBUG - Compte connecté : {'accountId': 'Z5YW5L', 'accountName': 'CFD', 'accountAlias': None, 'status': 'ENABLED', 'accountType': 'CFD', 'preferred': True, 'currency': 'EUR', 'canTransferFrom': True, 'canTransferTo': True, 'available': 9993.58, 'balance': 9993.58, 'deposit': 0.0, 'profitLoss': 0.0}
22/04 - 18h45 - INFO - 📥 Mise à jour : récupération de la dernière bougie...
22/04 - 18h45 - DEBUG - ✅ Nouvelle ligne ajoutée : 2025-04-22 18:45:00
22/04 - 18h45 - INFO - Récupération des trades déjà ouverts ...
22/04 - 18h45 - INFO - 0 position(s) retournée(s) par le serveur
22/04 - 18h45 - DEBUG - Connexion au serveur pour récupération des données du compte ...
22/04 - 18h45 - DEBUG - Compte connecté : {'accountId': 'Z5YW5L', 'accountName': 'CFD', 'accountAlias': None, 'status': 'ENABLED', 'accountType': 'CFD', 'preferred': True, 'currency': 'EUR', 'canTransferFrom': True, 'canTransferTo': True, 'available': 9993.58, 'balance': 9993.58, 'deposit': 0.0, 'profitLoss': 0.0}
22/04 - 18h46 - INFO - 📥 Mise à jour : récupération de la dernière bougie...
22/04 - 18h46 - DEBUG - ✅ Nouvelle ligne ajoutée : 2025-04-22 18:46:00
22/04 - 18h46 - INFO - Récupération des trades déjà ouverts ...
22/04 - 18h46 - INFO - 0 position(s) retournée(s) par le serveur
22/04 - 18h46 - DEBUG - Connexion au serveur pour récupération des données du compte ...
22/04 - 18h46 - DEBUG - Compte connecté : {'accountId': 'Z5YW5L', 'accountName': 'CFD', 'accountAlias': None, 'status': 'ENABLED', 'accountType': 'CFD', 'preferred': True, 'currency': 'EUR', 'canTransferFrom': True, 'canTransferTo': True, 'available': 9993.58, 'balance': 9993.58, 'deposit': 0.0, 'profitLoss': 0.0}
22/04 - 18h47 - INFO - 📥 Mise à jour : récupération de la dernière bougie...
22/04 - 18h47 - DEBUG - ✅ Nouvelle ligne ajoutée : 2025-04-22 18:47:00
22/04 - 18h47 - INFO - Récupération des trades déjà ouverts ...
22/04 - 18h47 - INFO - 0 position(s) retournée(s) par le serveur
22/04 - 18h47 - DEBUG - Connexion au serveur pour récupération des données du compte ...
22/04 - 18h47 - DEBUG - Compte connecté : {'accountId': 'Z5YW5L', 'accountName': 'CFD', 'accountAlias': None, 'status': 'ENABLED', 'accountType': 'CFD', 'preferred': True, 'currency': 'EUR', 'canTransferFrom': True, 'canTransferTo': True, 'available': 9993.58, 'balance': 9993.58, 'deposit': 0.0, 'profitLoss': 0.0}
22/04 - 18h48 - INFO - 📥 Mise à jour : récupération de la dernière bougie...
22/04 - 18h48 - DEBUG - ✅ Nouvelle ligne ajoutée : 2025-04-22 18:48:00
22/04 - 18h48 - INFO - Récupération des trades déjà ouverts ...
22/04 - 18h48 - INFO - 0 position(s) retournée(s) par le serveur
22/04 - 18h48 - DEBUG - Connexion au serveur pour récupération des données du compte ...
22/04 - 18h48 - DEBUG - Compte connecté : {'accountId': 'Z5YW5L', 'accountName': 'CFD', 'accountAlias': None, 'status': 'ENABLED', 'accountType': 'CFD', 'preferred': True, 'currency': 'EUR', 'canTransferFrom': True, 'canTransferTo': True, 'available': 9993.58, 'balance': 9993.58, 'deposit': 0.0, 'profitLoss': 0.0}
22/04 - 18h49 - INFO - 📥 Mise à jour : récupération de la dernière bougie...
22/04 - 18h49 - DEBUG - ✅ Nouvelle ligne ajoutée : 2025-04-22 18:49:00
22/04 - 18h49 - INFO - Récupération des trades déjà ouverts ...
22/04 - 18h49 - INFO - 0 position(s) retournée(s) par le serveur
22/04 - 18h49 - DEBUG - Connexion au serveur pour récupération des données du compte ...
22/04 - 18h49 - DEBUG - Compte connecté : {'accountId': 'Z5YW5L', 'accountName': 'CFD', 'accountAlias': None, 'status': 'ENABLED', 'accountType': 'CFD', 'preferred': True, 'currency': 'EUR', 'canTransferFrom': True, 'canTransferTo': True, 'available': 9993.58, 'balance': 9993.58, 'deposit': 0.0, 'profitLoss': 0.0}
22/04 - 18h50 - INFO - 📥 Mise à jour : récupération de la dernière bougie...
22/04 - 18h50 - DEBUG - ✅ Nouvelle ligne ajoutée : 2025-04-22 18:50:00
22/04 - 18h50 - INFO - Récupération des trades déjà ouverts ...
22/04 - 18h50 - INFO - 0 position(s) retournée(s) par le serveur
22/04 - 18h50 - DEBUG - Connexion au serveur pour récupération des données du compte ...
22/04 - 18h50 - DEBUG - Compte connecté : {'accountId': 'Z5YW5L', 'accountName': 'CFD', 'accountAlias': None, 'status': 'ENABLED', 'accountType': 'CFD', 'preferred': True, 'currency': 'EUR', 'canTransferFrom': True, 'canTransferTo': True, 'available': 9993.58, 'balance': 9993.58, 'deposit': 0.0, 'profitLoss': 0.0}
22/04 - 18h51 - INFO - 📥 Mise à jour : récupération de la dernière bougie...
22/04 - 18h51 - DEBUG - ✅ Nouvelle ligne ajoutée : 2025-04-22 18:51:00
22/04 - 18h51 - INFO - Récupération des trades déjà ouverts ...
22/04 - 18h51 - INFO - 0 position(s) retournée(s) par le serveur
22/04 - 18h51 - DEBUG - Connexion au serveur pour récupération des données du compte ...
22/04 - 18h51 - DEBUG - Compte connecté : {'accountId': 'Z5YW5L', 'accountName': 'CFD', 'accountAlias': None, 'status': 'ENABLED', 'accountType': 'CFD', 'preferred': True, 'currency': 'EUR', 'canTransferFrom': True, 'canTransferTo': True, 'available': 9993.58, 'balance': 9993.58, 'deposit': 0.0, 'profitLoss': 0.0}
22/04 - 18h52 - INFO - 📥 Mise à jour : récupération de la dernière bougie...
22/04 - 18h52 - DEBUG - ✅ Nouvelle ligne ajoutée : 2025-04-22 18:52:00
22/04 - 18h52 - INFO - Récupération des trades déjà ouverts ...
22/04 - 18h52 - INFO - 0 position(s) retournée(s) par le serveur
22/04 - 18h52 - DEBUG - Connexion au serveur pour récupération des données du compte ...
22/04 - 18h52 - DEBUG - Compte connecté : {'accountId': 'Z5YW5L', 'accountName': 'CFD', 'accountAlias': None, 'status': 'ENABLED', 'accountType': 'CFD', 'preferred': True, 'currency': 'EUR', 'canTransferFrom': True, 'canTransferTo': True, 'available': 9993.58, 'balance': 9993.58, 'deposit': 0.0, 'profitLoss': 0.0}
22/04 - 18h53 - INFO - 📥 Mise à jour : récupération de la dernière bougie...
22/04 - 18h53 - DEBUG - ✅ Nouvelle ligne ajoutée : 2025-04-22 18:53:00
22/04 - 18h53 - INFO - Récupération des trades déjà ouverts ...
22/04 - 18h53 - INFO - 0 position(s) retournée(s) par le serveur
22/04 - 18h53 - DEBUG - Connexion au serveur pour récupération des données du compte ...
22/04 - 18h53 - DEBUG - Compte connecté : {'accountId': 'Z5YW5L', 'accountName': 'CFD', 'accountAlias': None, 'status': 'ENABLED', 'accountType': 'CFD', 'preferred': True, 'currency': 'EUR', 'canTransferFrom': True, 'canTransferTo': True, 'available': 9993.58, 'balance': 9993.58, 'deposit': 0.0, 'profitLoss': 0.0}
22/04 - 18h54 - INFO - 📥 Mise à jour : récupération de la dernière bougie...
22/04 - 18h54 - DEBUG - ✅ Nouvelle ligne ajoutée : 2025-04-22 18:54:00
22/04 - 18h54 - INFO - Récupération des trades déjà ouverts ...
22/04 - 18h54 - INFO - 0 position(s) retournée(s) par le serveur
22/04 - 18h54 - DEBUG - Connexion au serveur pour récupération des données du compte ...
22/04 - 18h54 - DEBUG - Compte connecté : {'accountId': 'Z5YW5L', 'accountName': 'CFD', 'accountAlias': None, 'status': 'ENABLED', 'accountType': 'CFD', 'preferred': True, 'currency': 'EUR', 'canTransferFrom': True, 'canTransferTo': True, 'available': 9993.58, 'balance': 9993.58, 'deposit': 0.0, 'profitLoss': 0.0}
22/04 - 18h55 - INFO - 📥 Mise à jour : récupération de la dernière bougie...
22/04 - 18h55 - DEBUG - ✅ Nouvelle ligne ajoutée : 2025-04-22 18:55:00
22/04 - 18h55 - INFO - Récupération des trades déjà ouverts ...
22/04 - 18h55 - INFO - 0 position(s) retournée(s) par le serveur
22/04 - 18h55 - DEBUG - Connexion au serveur pour récupération des données du compte ...
22/04 - 18h55 - DEBUG - Compte connecté : {'accountId': 'Z5YW5L', 'accountName': 'CFD', 'accountAlias': None, 'status': 'ENABLED', 'accountType': 'CFD', 'preferred': True, 'currency': 'EUR', 'canTransferFrom': True, 'canTransferTo': True, 'available': 9993.58, 'balance': 9993.58, 'deposit': 0.0, 'profitLoss': 0.0}
22/04 - 18h56 - INFO - 📥 Mise à jour : récupération de la dernière bougie...
22/04 - 18h56 - DEBUG - ✅ Nouvelle ligne ajoutée : 2025-04-22 18:56:00
22/04 - 18h56 - INFO - Récupération des trades déjà ouverts ...
22/04 - 18h56 - INFO - 0 position(s) retournée(s) par le serveur
22/04 - 18h56 - DEBUG - Connexion au serveur pour récupération des données du compte ...
22/04 - 18h56 - DEBUG - Compte connecté : {'accountId': 'Z5YW5L', 'accountName': 'CFD', 'accountAlias': None, 'status': 'ENABLED', 'accountType': 'CFD', 'preferred': True, 'currency': 'EUR', 'canTransferFrom': True, 'canTransferTo': True, 'available': 9993.58, 'balance': 9993.58, 'deposit': 0.0, 'profitLoss': 0.0}
22/04 - 18h57 - INFO - 📥 Mise à jour : récupération de la dernière bougie...
22/04 - 18h57 - DEBUG - ✅ Nouvelle ligne ajoutée : 2025-04-22 18:57:00
22/04 - 18h57 - INFO - Récupération des trades déjà ouverts ...
22/04 - 18h57 - INFO - 0 position(s) retournée(s) par le serveur
22/04 - 18h57 - DEBUG - Connexion au serveur pour récupération des données du compte ...
22/04 - 18h57 - DEBUG - Compte connecté : {'accountId': 'Z5YW5L', 'accountName': 'CFD', 'accountAlias': None, 'status': 'ENABLED', 'accountType': 'CFD', 'preferred': True, 'currency': 'EUR', 'canTransferFrom': True, 'canTransferTo': True, 'available': 9993.58, 'balance': 9993.58, 'deposit': 0.0, 'profitLoss': 0.0}
22/04 - 18h58 - INFO - 📥 Mise à jour : récupération de la dernière bougie...
22/04 - 18h58 - DEBUG - ✅ Nouvelle ligne ajoutée : 2025-04-22 18:58:00
22/04 - 18h58 - INFO - Récupération des trades déjà ouverts ...
22/04 - 18h58 - INFO - 0 position(s) retournée(s) par le serveur
22/04 - 18h58 - DEBUG - Connexion au serveur pour récupération des données du compte ...
22/04 - 18h58 - DEBUG - Compte connecté : {'accountId': 'Z5YW5L', 'accountName': 'CFD', 'accountAlias': None, 'status': 'ENABLED', 'accountType': 'CFD', 'preferred': True, 'currency': 'EUR', 'canTransferFrom': True, 'canTransferTo': True, 'available': 9993.58, 'balance': 9993.58, 'deposit': 0.0, 'profitLoss': 0.0}
22/04 - 18h59 - INFO - 📥 Mise à jour : récupération de la dernière bougie...
22/04 - 18h59 - DEBUG - ✅ Nouvelle ligne ajoutée : 2025-04-22 18:59:00
22/04 - 18h59 - INFO - Récupération des trades déjà ouverts ...
22/04 - 18h59 - INFO - 0 position(s) retournée(s) par le serveur
22/04 - 18h59 - DEBUG - Connexion au serveur pour récupération des données du compte ...
22/04 - 18h59 - DEBUG - Compte connecté : {'accountId': 'Z5YW5L', 'accountName': 'CFD', 'accountAlias': None, 'status': 'ENABLED', 'accountType': 'CFD', 'preferred': True, 'currency': 'EUR', 'canTransferFrom': True, 'canTransferTo': True, 'available': 9993.58, 'balance': 9993.58, 'deposit': 0.0, 'profitLoss': 0.0}
22/04 - 19h00 - INFO - 📥 Mise à jour : récupération de la dernière bougie...
22/04 - 19h00 - DEBUG - ✅ Nouvelle ligne ajoutée : 2025-04-22 19:00:00
22/04 - 19h00 - INFO - Récupération des trades déjà ouverts ...
22/04 - 19h00 - INFO - 0 position(s) retournée(s) par le serveur
22/04 - 19h00 - DEBUG - Connexion au serveur pour récupération des données du compte ...
22/04 - 19h00 - DEBUG - Compte connecté : {'accountId': 'Z5YW5L', 'accountName': 'CFD', 'accountAlias': None, 'status': 'ENABLED', 'accountType': 'CFD', 'preferred': True, 'currency': 'EUR', 'canTransferFrom': True, 'canTransferTo': True, 'available': 9993.58, 'balance': 9993.58, 'deposit': 0.0, 'profitLoss': 0.0}
22/04 - 19h01 - INFO - 📥 Mise à jour : récupération de la dernière bougie...
22/04 - 19h01 - DEBUG - ✅ Nouvelle ligne ajoutée : 2025-04-22 19:01:00
22/04 - 19h01 - INFO - Récupération des trades déjà ouverts ...
22/04 - 19h01 - INFO - 0 position(s) retournée(s) par le serveur
22/04 - 19h01 - DEBUG - Connexion au serveur pour récupération des données du compte ...
22/04 - 19h01 - DEBUG - Compte connecté : {'accountId': 'Z5YW5L', 'accountName': 'CFD', 'accountAlias': None, 'status': 'ENABLED', 'accountType': 'CFD', 'preferred': True, 'currency': 'EUR', 'canTransferFrom': True, 'canTransferTo': True, 'available': 9993.58, 'balance': 9993.58, 'deposit': 0.0, 'profitLoss': 0.0}
22/04 - 19h02 - INFO - 📥 Mise à jour : récupération de la dernière bougie...
22/04 - 19h02 - DEBUG - ✅ Nouvelle ligne ajoutée : 2025-04-22 19:02:00
22/04 - 19h02 - INFO - Récupération des trades déjà ouverts ...
22/04 - 19h02 - INFO - 0 position(s) retournée(s) par le serveur
22/04 - 19h02 - DEBUG - Connexion au serveur pour récupération des données du compte ...
22/04 - 19h02 - DEBUG - Compte connecté : {'accountId': 'Z5YW5L', 'accountName': 'CFD', 'accountAlias': None, 'status': 'ENABLED', 'accountType': 'CFD', 'preferred': True, 'currency': 'EUR', 'canTransferFrom': True, 'canTransferTo': True, 'available': 9993.58, 'balance': 9993.58, 'deposit': 0.0, 'profitLoss': 0.0}
22/04 - 19h03 - INFO - 📥 Mise à jour : récupération de la dernière bougie...
22/04 - 19h03 - DEBUG - ✅ Nouvelle ligne ajoutée : 2025-04-22 19:03:00
22/04 - 19h03 - INFO - Récupération des trades déjà ouverts ...
22/04 - 19h03 - INFO - 0 position(s) retournée(s) par le serveur
22/04 - 19h03 - DEBUG - Connexion au serveur pour récupération des données du compte ...
22/04 - 19h03 - DEBUG - Compte connecté : {'accountId': 'Z5YW5L', 'accountName': 'CFD', 'accountAlias': None, 'status': 'ENABLED', 'accountType': 'CFD', 'preferred': True, 'currency': 'EUR', 'canTransferFrom': True, 'canTransferTo': True, 'available': 9993.58, 'balance': 9993.58, 'deposit': 0.0, 'profitLoss': 0.0}
22/04 - 19h04 - INFO - 📥 Mise à jour : récupération de la dernière bougie...
22/04 - 19h04 - DEBUG - ⚠️ Ligne ignorée (doublon) : 2025-04-22 19:03:00
22/04 - 19h04 - INFO - Récupération des trades déjà ouverts ...
22/04 - 19h04 - INFO - 0 position(s) retournée(s) par le serveur
22/04 - 19h04 - DEBUG - Connexion au serveur pour récupération des données du compte ...
22/04 - 19h04 - DEBUG - Compte connecté : {'accountId': 'Z5YW5L', 'accountName': 'CFD', 'accountAlias': None, 'status': 'ENABLED', 'accountType': 'CFD', 'preferred': True, 'currency': 'EUR', 'canTransferFrom': True, 'canTransferTo': True, 'available': 9993.58, 'balance': 9993.58, 'deposit': 0.0, 'profitLoss': 0.0}
22/04 - 19h05 - INFO - 📥 Mise à jour : récupération de la dernière bougie...
22/04 - 19h05 - DEBUG - ✅ Nouvelle ligne ajoutée : 2025-04-22 19:04:00
22/04 - 19h05 - INFO - Récupération des trades déjà ouverts ...
22/04 - 19h05 - INFO - 0 position(s) retournée(s) par le serveur
22/04 - 19h05 - DEBUG - Connexion au serveur pour récupération des données du compte ...
22/04 - 19h05 - DEBUG - Compte connecté : {'accountId': 'Z5YW5L', 'accountName': 'CFD', 'accountAlias': None, 'status': 'ENABLED', 'accountType': 'CFD', 'preferred': True, 'currency': 'EUR', 'canTransferFrom': True, 'canTransferTo': True, 'available': 9993.58, 'balance': 9993.58, 'deposit': 0.0, 'profitLoss': 0.0}
22/04 - 19h06 - INFO - 📥 Mise à jour : récupération de la dernière bougie...
22/04 - 19h06 - DEBUG - ✅ Nouvelle ligne ajoutée : 2025-04-22 19:06:00
22/04 - 19h06 - INFO - Récupération des trades déjà ouverts ...
22/04 - 19h06 - INFO - 0 position(s) retournée(s) par le serveur
22/04 - 19h06 - DEBUG - Connexion au serveur pour récupération des données du compte ...
22/04 - 19h06 - DEBUG - Compte connecté : {'accountId': 'Z5YW5L', 'accountName': 'CFD', 'accountAlias': None, 'status': 'ENABLED', 'accountType': 'CFD', 'preferred': True, 'currency': 'EUR', 'canTransferFrom': True, 'canTransferTo': True, 'available': 9993.58, 'balance': 9993.58, 'deposit': 0.0, 'profitLoss': 0.0}
22/04 - 19h07 - INFO - 📥 Mise à jour : récupération de la dernière bougie...
22/04 - 19h08 - DEBUG - ✅ Nouvelle ligne ajoutée : 2025-04-22 19:07:00
22/04 - 19h08 - INFO - Récupération des trades déjà ouverts ...
22/04 - 19h08 - INFO - 0 position(s) retournée(s) par le serveur
22/04 - 19h08 - DEBUG - Connexion au serveur pour récupération des données du compte ...
22/04 - 19h08 - DEBUG - Compte connecté : {'accountId': 'Z5YW5L', 'accountName': 'CFD', 'accountAlias': None, 'status': 'ENABLED', 'accountType': 'CFD', 'preferred': True, 'currency': 'EUR', 'canTransferFrom': True, 'canTransferTo': True, 'available': 9993.58, 'balance': 9993.58, 'deposit': 0.0, 'profitLoss': 0.0}
22/04 - 19h09 - INFO - 📥 Mise à jour : récupération de la dernière bougie...
22/04 - 19h09 - DEBUG - ✅ Nouvelle ligne ajoutée : 2025-04-22 19:09:00
22/04 - 19h09 - INFO - Récupération des trades déjà ouverts ...
22/04 - 19h09 - INFO - 0 position(s) retournée(s) par le serveur
22/04 - 19h09 - DEBUG - Connexion au serveur pour récupération des données du compte ...
22/04 - 19h09 - DEBUG - Compte connecté : {'accountId': 'Z5YW5L', 'accountName': 'CFD', 'accountAlias': None, 'status': 'ENABLED', 'accountType': 'CFD', 'preferred': True, 'currency': 'EUR', 'canTransferFrom': True, 'canTransferTo': True, 'available': 9993.58, 'balance': 9993.58, 'deposit': 0.0, 'profitLoss': 0.0}
22/04 - 19h10 - INFO - 📥 Mise à jour : récupération de la dernière bougie...
22/04 - 19h10 - DEBUG - ⚠️ Ligne ignorée (doublon) : 2025-04-22 19:09:00
22/04 - 19h10 - INFO - Récupération des trades déjà ouverts ...
22/04 - 19h10 - INFO - 0 position(s) retournée(s) par le serveur
22/04 - 19h10 - DEBUG - Connexion au serveur pour récupération des données du compte ...
22/04 - 19h10 - DEBUG - Compte connecté : {'accountId': 'Z5YW5L', 'accountName': 'CFD', 'accountAlias': None, 'status': 'ENABLED', 'accountType': 'CFD', 'preferred': True, 'currency': 'EUR', 'canTransferFrom': True, 'canTransferTo': True, 'available': 9993.58, 'balance': 9993.58, 'deposit': 0.0, 'profitLoss': 0.0}
22/04 - 19h11 - INFO - 📥 Mise à jour : récupération de la dernière bougie...
22/04 - 19h11 - DEBUG - ✅ Nouvelle ligne ajoutée : 2025-04-22 19:11:00
22/04 - 19h11 - INFO - Récupération des trades déjà ouverts ...
22/04 - 19h11 - INFO - 0 position(s) retournée(s) par le serveur
22/04 - 19h11 - DEBUG - Connexion au serveur pour récupération des données du compte ...
22/04 - 19h11 - DEBUG - Compte connecté : {'accountId': 'Z5YW5L', 'accountName': 'CFD', 'accountAlias': None, 'status': 'ENABLED', 'accountType': 'CFD', 'preferred': True, 'currency': 'EUR', 'canTransferFrom': True, 'canTransferTo': True, 'available': 9993.58, 'balance': 9993.58, 'deposit': 0.0, 'profitLoss': 0.0}
22/04 - 19h12 - INFO - 📥 Mise à jour : récupération de la dernière bougie...
22/04 - 19h12 - DEBUG - ✅ Nouvelle ligne ajoutée : 2025-04-22 19:12:00
22/04 - 19h12 - INFO - Récupération des trades déjà ouverts ...
22/04 - 19h12 - INFO - 0 position(s) retournée(s) par le serveur
22/04 - 19h12 - DEBUG - Connexion au serveur pour récupération des données du compte ...
22/04 - 19h12 - DEBUG - Compte connecté : {'accountId': 'Z5YW5L', 'accountName': 'CFD', 'accountAlias': None, 'status': 'ENABLED', 'accountType': 'CFD', 'preferred': True, 'currency': 'EUR', 'canTransferFrom': True, 'canTransferTo': True, 'available': 9993.58, 'balance': 9993.58, 'deposit': 0.0, 'profitLoss': 0.0}
22/04 - 19h13 - INFO - 📥 Mise à jour : récupération de la dernière bougie...
22/04 - 19h13 - DEBUG - ✅ Nouvelle ligne ajoutée : 2025-04-22 19:13:00
22/04 - 19h13 - INFO - Récupération des trades déjà ouverts ...
22/04 - 19h13 - INFO - 0 position(s) retournée(s) par le serveur
22/04 - 19h13 - DEBUG - Connexion au serveur pour récupération des données du compte ...
22/04 - 19h13 - DEBUG - Compte connecté : {'accountId': 'Z5YW5L', 'accountName': 'CFD', 'accountAlias': None, 'status': 'ENABLED', 'accountType': 'CFD', 'preferred': True, 'currency': 'EUR', 'canTransferFrom': True, 'canTransferTo': True, 'available': 9993.58, 'balance': 9993.58, 'deposit': 0.0, 'profitLoss': 0.0}
22/04 - 19h14 - INFO - 📥 Mise à jour : récupération de la dernière bougie...
22/04 - 19h14 - DEBUG - ✅ Nouvelle ligne ajoutée : 2025-04-22 19:14:00
22/04 - 19h14 - INFO - Récupération des trades déjà ouverts ...
22/04 - 19h14 - INFO - 0 position(s) retournée(s) par le serveur
22/04 - 19h14 - DEBUG - Connexion au serveur pour récupération des données du compte ...
22/04 - 19h14 - DEBUG - Compte connecté : {'accountId': 'Z5YW5L', 'accountName': 'CFD', 'accountAlias': None, 'status': 'ENABLED', 'accountType': 'CFD', 'preferred': True, 'currency': 'EUR', 'canTransferFrom': True, 'canTransferTo': True, 'available': 9993.58, 'balance': 9993.58, 'deposit': 0.0, 'profitLoss': 0.0}
22/04 - 19h14 - DEBUG - Open order généré : Ordre OPEN  position SELL de 1.0 lots avec SL à 1.14337 et TP à 1.14293
22/04 - 19h14 - INFO - Tentative d'ouverture de position
22/04 - 19h14 - INFO - Ordre envoyé : Ordre OPEN  position SELL de 1.0 lots avec SL à 1.14337 et TP à 1.14293
22/04 - 19h15 - INFO - 📥 Mise à jour : récupération de la dernière bougie...
22/04 - 19h15 - DEBUG - ✅ Nouvelle ligne ajoutée : 2025-04-22 19:15:00
22/04 - 19h15 - INFO - Récupération des trades déjà ouverts ...
22/04 - 19h15 - INFO - 0 position(s) retournée(s) par le serveur
22/04 - 19h15 - DEBUG - Connexion au serveur pour récupération des données du compte ...
22/04 - 19h15 - DEBUG - Compte connecté : {'accountId': 'Z5YW5L', 'accountName': 'CFD', 'accountAlias': None, 'status': 'ENABLED', 'accountType': 'CFD', 'preferred': True, 'currency': 'EUR', 'canTransferFrom': True, 'canTransferTo': True, 'available': 9993.58, 'balance': 9993.58, 'deposit': 0.0, 'profitLoss': 0.0}
22/04 - 19h16 - INFO - 📥 Mise à jour : récupération de la dernière bougie...
22/04 - 19h16 - DEBUG - ✅ Nouvelle ligne ajoutée : 2025-04-22 19:16:00
22/04 - 19h16 - INFO - Récupération des trades déjà ouverts ...
22/04 - 19h16 - INFO - 0 position(s) retournée(s) par le serveur
22/04 - 19h16 - DEBUG - Connexion au serveur pour récupération des données du compte ...
22/04 - 19h16 - DEBUG - Compte connecté : {'accountId': 'Z5YW5L', 'accountName': 'CFD', 'accountAlias': None, 'status': 'ENABLED', 'accountType': 'CFD', 'preferred': True, 'currency': 'EUR', 'canTransferFrom': True, 'canTransferTo': True, 'available': 9993.58, 'balance': 9993.58, 'deposit': 0.0, 'profitLoss': 0.0}
22/04 - 19h16 - DEBUG - Open order généré : Ordre OPEN  position BUY de 1.0 lots avec SL à 1.14344 et TP à 1.14636
22/04 - 19h16 - INFO - Tentative d'ouverture de position
22/04 - 19h16 - INFO - Ordre envoyé : Ordre OPEN  position BUY de 1.0 lots avec SL à 1.14344 et TP à 1.14636
22/04 - 19h17 - INFO - 📥 Mise à jour : récupération de la dernière bougie...
22/04 - 19h17 - DEBUG - ✅ Nouvelle ligne ajoutée : 2025-04-22 19:17:00
22/04 - 19h17 - INFO - Récupération des trades déjà ouverts ...
22/04 - 19h17 - INFO - 1 position(s) retournée(s) par le serveur
22/04 - 19h17 - INFO - Le trade suivant a été trouvé ouvert -> Trade 10 (BUY 1.0) ouvert à 2025-04-22 19:16:14 : entrée à 1.14415 avec un TP à 1.14636 et un SL à 1.14344
22/04 - 19h17 - DEBUG - Connexion au serveur pour récupération des données du compte ...
22/04 - 19h17 - DEBUG - Compte connecté : {'accountId': 'Z5YW5L', 'accountName': 'CFD', 'accountAlias': None, 'status': 'ENABLED', 'accountType': 'CFD', 'preferred': True, 'currency': 'EUR', 'canTransferFrom': True, 'canTransferTo': True, 'available': 9661.19, 'balance': 9993.58, 'deposit': 333.0, 'profitLoss': 0.61}
22/04 - 19h17 - DEBUG - Update order généré : Ordre UPDATE pour le trade n°DIAAAATJDSDLMA2, on passe le SL à 1.14358 et le TP à 1.14636
22/04 - 19h17 - INFO - Ordre passé au serveur : Ordre UPDATE pour le trade n°DIAAAATJDSDLMA2, on passe le SL à 1.14358 et le TP à 1.14636
22/04 - 19h17 - INFO - ✅ Ordre accepté par le serveur
22/04 - 19h18 - INFO - 📥 Mise à jour : récupération de la dernière bougie...
22/04 - 19h18 - DEBUG - ✅ Nouvelle ligne ajoutée : 2025-04-22 19:18:00
22/04 - 19h18 - INFO - Récupération des trades déjà ouverts ...
22/04 - 19h18 - INFO - 1 position(s) retournée(s) par le serveur
22/04 - 19h18 - INFO - Le trade suivant a été trouvé ouvert -> Trade 11 (BUY 1.0) ouvert à 2025-04-22 19:16:14 : entrée à 1.14415 avec un TP à 1.14636 et un SL à 1.14358
22/04 - 19h18 - DEBUG - Connexion au serveur pour récupération des données du compte ...
22/04 - 19h18 - DEBUG - Compte connecté : {'accountId': 'Z5YW5L', 'accountName': 'CFD', 'accountAlias': None, 'status': 'ENABLED', 'accountType': 'CFD', 'preferred': True, 'currency': 'EUR', 'canTransferFrom': True, 'canTransferTo': True, 'available': 9659.51, 'balance': 9993.58, 'deposit': 333.02, 'profitLoss': -1.05}
22/04 - 19h18 - DEBUG - Update order généré : Ordre UPDATE pour le trade n°DIAAAATJDSDLMA2, on passe le SL à 1.14363 et le TP à 1.14636
22/04 - 19h18 - INFO - Ordre passé au serveur : Ordre UPDATE pour le trade n°DIAAAATJDSDLMA2, on passe le SL à 1.14363 et le TP à 1.14636
22/04 - 19h18 - INFO - ✅ Ordre accepté par le serveur
22/04 - 19h19 - INFO - 📥 Mise à jour : récupération de la dernière bougie...
22/04 - 19h19 - DEBUG - ✅ Nouvelle ligne ajoutée : 2025-04-22 19:19:00
22/04 - 19h19 - INFO - Récupération des trades déjà ouverts ...
22/04 - 19h19 - INFO - 1 position(s) retournée(s) par le serveur
22/04 - 19h19 - INFO - Le trade suivant a été trouvé ouvert -> Trade 12 (BUY 1.0) ouvert à 2025-04-22 19:16:14 : entrée à 1.14415 avec un TP à 1.14636 et un SL à 1.14363
22/04 - 19h19 - DEBUG - Connexion au serveur pour récupération des données du compte ...
22/04 - 19h19 - DEBUG - Compte connecté : {'accountId': 'Z5YW5L', 'accountName': 'CFD', 'accountAlias': None, 'status': 'ENABLED', 'accountType': 'CFD', 'preferred': True, 'currency': 'EUR', 'canTransferFrom': True, 'canTransferTo': True, 'available': 9660.32, 'balance': 9993.58, 'deposit': 333.0, 'profitLoss': -0.26}
22/04 - 19h19 - DEBUG - Update order généré : Ordre UPDATE pour le trade n°DIAAAATJDSDLMA2, on passe le SL à 1.14371 et le TP à 1.14636
22/04 - 19h19 - INFO - Ordre passé au serveur : Ordre UPDATE pour le trade n°DIAAAATJDSDLMA2, on passe le SL à 1.14371 et le TP à 1.14636
22/04 - 19h19 - INFO - ✅ Ordre accepté par le serveur
22/04 - 19h20 - INFO - 📥 Mise à jour : récupération de la dernière bougie...
22/04 - 19h20 - DEBUG - ✅ Nouvelle ligne ajoutée : 2025-04-22 19:20:00
22/04 - 19h20 - INFO - Récupération des trades déjà ouverts ...
22/04 - 19h20 - INFO - 1 position(s) retournée(s) par le serveur
22/04 - 19h20 - INFO - Le trade suivant a été trouvé ouvert -> Trade 13 (BUY 1.0) ouvert à 2025-04-22 19:16:14 : entrée à 1.14415 avec un TP à 1.14636 et un SL à 1.14371
22/04 - 19h20 - DEBUG - Connexion au serveur pour récupération des données du compte ...
22/04 - 19h20 - DEBUG - Compte connecté : {'accountId': 'Z5YW5L', 'accountName': 'CFD', 'accountAlias': None, 'status': 'ENABLED', 'accountType': 'CFD', 'preferred': True, 'currency': 'EUR', 'canTransferFrom': True, 'canTransferTo': True, 'available': 9660.58, 'balance': 9993.58, 'deposit': 333.0, 'profitLoss': 0.0}
22/04 - 19h20 - DEBUG - Update order généré : Ordre UPDATE pour le trade n°DIAAAATJDSDLMA2, on passe le SL à 1.14376 et le TP à 1.14636
22/04 - 19h20 - INFO - Ordre passé au serveur : Ordre UPDATE pour le trade n°DIAAAATJDSDLMA2, on passe le SL à 1.14376 et le TP à 1.14636
22/04 - 19h20 - INFO - ✅ Ordre accepté par le serveur
22/04 - 19h21 - INFO - 📥 Mise à jour : récupération de la dernière bougie...
22/04 - 19h21 - DEBUG - ✅ Nouvelle ligne ajoutée : 2025-04-22 19:21:00
22/04 - 19h21 - INFO - Récupération des trades déjà ouverts ...
22/04 - 19h21 - INFO - 1 position(s) retournée(s) par le serveur
22/04 - 19h21 - INFO - Le trade suivant a été trouvé ouvert -> Trade 14 (BUY 1.0) ouvert à 2025-04-22 19:16:14 : entrée à 1.14415 avec un TP à 1.14636 et un SL à 1.14376
22/04 - 19h21 - DEBUG - Connexion au serveur pour récupération des données du compte ...
22/04 - 19h21 - DEBUG - Compte connecté : {'accountId': 'Z5YW5L', 'accountName': 'CFD', 'accountAlias': None, 'status': 'ENABLED', 'accountType': 'CFD', 'preferred': True, 'currency': 'EUR', 'canTransferFrom': True, 'canTransferTo': True, 'available': 9662.5, 'balance': 9993.58, 'deposit': 333.0, 'profitLoss': 1.92}
22/04 - 19h21 - DEBUG - Update order généré : Ordre UPDATE pour le trade n°DIAAAATJDSDLMA2, on passe le SL à 1.14385 et le TP à 1.14636
22/04 - 19h21 - INFO - Ordre passé au serveur : Ordre UPDATE pour le trade n°DIAAAATJDSDLMA2, on passe le SL à 1.14385 et le TP à 1.14636
22/04 - 19h21 - INFO - ✅ Ordre accepté par le serveur
22/04 - 19h22 - INFO - 📥 Mise à jour : récupération de la dernière bougie...
22/04 - 19h22 - DEBUG - ✅ Nouvelle ligne ajoutée : 2025-04-22 19:22:00
22/04 - 19h22 - INFO - Récupération des trades déjà ouverts ...
22/04 - 19h22 - INFO - 1 position(s) retournée(s) par le serveur
22/04 - 19h22 - INFO - Le trade suivant a été trouvé ouvert -> Trade 15 (BUY 1.0) ouvert à 2025-04-22 19:16:14 : entrée à 1.14415 avec un TP à 1.14636 et un SL à 1.14385
22/04 - 19h22 - DEBUG - Connexion au serveur pour récupération des données du compte ...
22/04 - 19h22 - DEBUG - Compte connecté : {'accountId': 'Z5YW5L', 'accountName': 'CFD', 'accountAlias': None, 'status': 'ENABLED', 'accountType': 'CFD', 'preferred': True, 'currency': 'EUR', 'canTransferFrom': True, 'canTransferTo': True, 'available': 9664.51, 'balance': 9993.58, 'deposit': 333.0, 'profitLoss': 3.93}
22/04 - 19h22 - DEBUG - Update order généré : Ordre UPDATE pour le trade n°DIAAAATJDSDLMA2, on passe le SL à 1.14397 et le TP à 1.14636
22/04 - 19h22 - INFO - Ordre passé au serveur : Ordre UPDATE pour le trade n°DIAAAATJDSDLMA2, on passe le SL à 1.14397 et le TP à 1.14636
22/04 - 19h22 - INFO - ✅ Ordre accepté par le serveur
22/04 - 19h23 - INFO - 📥 Mise à jour : récupération de la dernière bougie...
22/04 - 19h23 - DEBUG - ✅ Nouvelle ligne ajoutée : 2025-04-22 19:23:00
22/04 - 19h23 - INFO - Récupération des trades déjà ouverts ...
22/04 - 19h23 - INFO - 1 position(s) retournée(s) par le serveur
22/04 - 19h23 - INFO - Le trade suivant a été trouvé ouvert -> Trade 16 (BUY 1.0) ouvert à 2025-04-22 19:16:14 : entrée à 1.14415 avec un TP à 1.14636 et un SL à 1.14397
22/04 - 19h23 - DEBUG - Connexion au serveur pour récupération des données du compte ...
22/04 - 19h23 - DEBUG - Compte connecté : {'accountId': 'Z5YW5L', 'accountName': 'CFD', 'accountAlias': None, 'status': 'ENABLED', 'accountType': 'CFD', 'preferred': True, 'currency': 'EUR', 'canTransferFrom': True, 'canTransferTo': True, 'available': 9665.65, 'balance': 9993.58, 'deposit': 333.0, 'profitLoss': 5.07}
22/04 - 19h23 - DEBUG - Update order généré : Ordre UPDATE pour le trade n°DIAAAATJDSDLMA2, on passe le SL à 1.14407 et le TP à 1.14636
22/04 - 19h23 - INFO - Ordre passé au serveur : Ordre UPDATE pour le trade n°DIAAAATJDSDLMA2, on passe le SL à 1.14407 et le TP à 1.14636
22/04 - 19h23 - INFO - ✅ Ordre accepté par le serveur
22/04 - 19h24 - INFO - 📥 Mise à jour : récupération de la dernière bougie...
22/04 - 19h24 - DEBUG - ✅ Nouvelle ligne ajoutée : 2025-04-22 19:24:00
22/04 - 19h24 - INFO - Récupération des trades déjà ouverts ...
22/04 - 19h24 - INFO - 1 position(s) retournée(s) par le serveur
22/04 - 19h24 - INFO - Le trade suivant a été trouvé ouvert -> Trade 17 (BUY 1.0) ouvert à 2025-04-22 19:16:14 : entrée à 1.14415 avec un TP à 1.14636 et un SL à 1.14407
22/04 - 19h24 - DEBUG - Connexion au serveur pour récupération des données du compte ...
22/04 - 19h24 - DEBUG - Compte connecté : {'accountId': 'Z5YW5L', 'accountName': 'CFD', 'accountAlias': None, 'status': 'ENABLED', 'accountType': 'CFD', 'preferred': True, 'currency': 'EUR', 'canTransferFrom': True, 'canTransferTo': True, 'available': 9662.85, 'balance': 9993.58, 'deposit': 333.0, 'profitLoss': 2.27}
22/04 - 19h24 - DEBUG - Update order généré : Ordre UPDATE pour le trade n°DIAAAATJDSDLMA2, on passe le SL à 1.14410 et le TP à 1.14636
22/04 - 19h24 - INFO - Ordre passé au serveur : Ordre UPDATE pour le trade n°DIAAAATJDSDLMA2, on passe le SL à 1.14410 et le TP à 1.14636
22/04 - 19h24 - INFO - ✅ Ordre accepté par le serveur
22/04 - 19h25 - INFO - 📥 Mise à jour : récupération de la dernière bougie...
22/04 - 19h25 - DEBUG - ✅ Nouvelle ligne ajoutée : 2025-04-22 19:25:00
22/04 - 19h25 - INFO - Récupération des trades déjà ouverts ...
22/04 - 19h25 - INFO - 1 position(s) retournée(s) par le serveur
22/04 - 19h25 - INFO - Le trade suivant a été trouvé ouvert -> Trade 18 (BUY 1.0) ouvert à 2025-04-22 19:16:14 : entrée à 1.14415 avec un TP à 1.14636 et un SL à 1.14410
22/04 - 19h25 - DEBUG - Connexion au serveur pour récupération des données du compte ...
22/04 - 19h25 - DEBUG - Compte connecté : {'accountId': 'Z5YW5L', 'accountName': 'CFD', 'accountAlias': None, 'status': 'ENABLED', 'accountType': 'CFD', 'preferred': True, 'currency': 'EUR', 'canTransferFrom': True, 'canTransferTo': True, 'available': 9664.95, 'balance': 9993.58, 'deposit': 333.0, 'profitLoss': 4.37}
22/04 - 19h25 - DEBUG - Update order généré : Ordre UPDATE pour le trade n°DIAAAATJDSDLMA2, on passe le SL à 1.14419 et le TP à 1.14636
22/04 - 19h25 - INFO - Ordre passé au serveur : Ordre UPDATE pour le trade n°DIAAAATJDSDLMA2, on passe le SL à 1.14419 et le TP à 1.14636
22/04 - 19h25 - INFO - ✅ Ordre accepté par le serveur
22/04 - 19h26 - INFO - 📥 Mise à jour : récupération de la dernière bougie...
22/04 - 19h26 - DEBUG - ✅ Nouvelle ligne ajoutée : 2025-04-22 19:26:00
22/04 - 19h26 - INFO - Récupération des trades déjà ouverts ...
22/04 - 19h26 - INFO - 0 position(s) retournée(s) par le serveur
22/04 - 19h26 - DEBUG - Connexion au serveur pour récupération des données du compte ...
22/04 - 19h26 - DEBUG - Compte connecté : {'accountId': 'Z5YW5L', 'accountName': 'CFD', 'accountAlias': None, 'status': 'ENABLED', 'accountType': 'CFD', 'preferred': True, 'currency': 'EUR', 'canTransferFrom': True, 'canTransferTo': True, 'available': 9993.58, 'balance': 9993.58, 'deposit': 0.0, 'profitLoss': 0.0}
