22/04 - 17h59 - INFO - Lancement de l'application
22/04 - 17h59 - INFO - (SIM) Récupération des trades ouverts depuis le fichier .pkl
22/04 - 17h59 - INFO - (SIM) Trade simulé trouvé ouvert -> Trade 0 (SELL 1.0) ouvert à 2025-04-22 17:54:07.121143 : entrée à 0.00000 avec un TP à 1.14922 et un SL à 1.15020
22/04 - 17h59 - DEBUG - (SIM) Données de compte simulées envoyées.
22/04 - 17h59 - DEBUG - ✅ Nouvelle ligne ajoutée : 2025-04-21 19:06:00
22/04 - 17h59 - INFO - (SIM) Récupération des trades ouverts depuis le fichier .pkl
22/04 - 17h59 - INFO - (SIM) Trade simulé trouvé ouvert -> Trade 0 (SELL 1.0) ouvert à 2025-04-22 17:54:07.121143 : entrée à 0.00000 avec un TP à 1.14922 et un SL à 1.15020
22/04 - 17h59 - DEBUG - (SIM) Données de compte simulées envoyées.
22/04 - 17h59 - INFO - 💥 Fermeture du trade 0 par SL à 2025-04-21 19:06:00
22/04 - 17h59 - DEBUG - ✅ Nouvelle ligne ajoutée : 2025-04-21 19:07:00
22/04 - 17h59 - INFO - (SIM) Récupération des trades ouverts depuis le fichier .pkl
22/04 - 17h59 - DEBUG - (SIM) Données de compte simulées envoyées.
22/04 - 17h59 - DEBUG - ✅ Nouvelle ligne ajoutée : 2025-04-21 19:08:00
22/04 - 17h59 - INFO - (SIM) Récupération des trades ouverts depuis le fichier .pkl
22/04 - 17h59 - DEBUG - (SIM) Données de compte simulées envoyées.
22/04 - 17h59 - DEBUG - ✅ Nouvelle ligne ajoutée : 2025-04-21 19:09:00
22/04 - 17h59 - INFO - (SIM) Récupération des trades ouverts depuis le fichier .pkl
22/04 - 17h59 - DEBUG - (SIM) Données de compte simulées envoyées.
22/04 - 17h59 - DEBUG - ✅ Nouvelle ligne ajoutée : 2025-04-21 19:10:00
22/04 - 17h59 - INFO - (SIM) Récupération des trades ouverts depuis le fichier .pkl
22/04 - 17h59 - DEBUG - (SIM) Données de compte simulées envoyées.
22/04 - 17h59 - DEBUG - ✅ Nouvelle ligne ajoutée : 2025-04-21 19:11:00
22/04 - 17h59 - INFO - (SIM) Récupération des trades ouverts depuis le fichier .pkl
22/04 - 17h59 - DEBUG - (SIM) Données de compte simulées envoyées.
22/04 - 17h59 - DEBUG - ✅ Nouvelle ligne ajoutée : 2025-04-21 19:12:00
22/04 - 17h59 - INFO - (SIM) Récupération des trades ouverts depuis le fichier .pkl
22/04 - 17h59 - DEBUG - (SIM) Données de compte simulées envoyées.
22/04 - 17h59 - DEBUG - ✅ Nouvelle ligne ajoutée : 2025-04-21 19:13:00
22/04 - 17h59 - INFO - (SIM) Récupération des trades ouverts depuis le fichier .pkl
22/04 - 17h59 - DEBUG - (SIM) Données de compte simulées envoyées.
22/04 - 17h59 - DEBUG - ✅ Nouvelle ligne ajoutée : 2025-04-21 19:14:00
22/04 - 17h59 - INFO - (SIM) Récupération des trades ouverts depuis le fichier .pkl
22/04 - 17h59 - DEBUG - (SIM) Données de compte simulées envoyées.
22/04 - 17h59 - DEBUG - ✅ Nouvelle ligne ajoutée : 2025-04-21 19:15:00
22/04 - 17h59 - INFO - (SIM) Récupération des trades ouverts depuis le fichier .pkl
22/04 - 17h59 - DEBUG - (SIM) Données de compte simulées envoyées.
22/04 - 17h59 - DEBUG - ✅ Nouvelle ligne ajoutée : 2025-04-21 19:16:00
22/04 - 17h59 - INFO - (SIM) Récupération des trades ouverts depuis le fichier .pkl
22/04 - 17h59 - DEBUG - (SIM) Données de compte simulées envoyées.
22/04 - 17h59 - DEBUG - ✅ Nouvelle ligne ajoutée : 2025-04-21 19:17:00
22/04 - 17h59 - INFO - (SIM) Récupération des trades ouverts depuis le fichier .pkl
22/04 - 17h59 - DEBUG - (SIM) Données de compte simulées envoyées.
22/04 - 17h59 - DEBUG - ✅ Nouvelle ligne ajoutée : 2025-04-21 19:18:00
22/04 - 17h59 - INFO - (SIM) Récupération des trades ouverts depuis le fichier .pkl
22/04 - 17h59 - DEBUG - (SIM) Données de compte simulées envoyées.
22/04 - 17h59 - DEBUG - ✅ Nouvelle ligne ajoutée : 2025-04-21 19:19:00
22/04 - 17h59 - INFO - (SIM) Récupération des trades ouverts depuis le fichier .pkl
22/04 - 17h59 - DEBUG - (SIM) Données de compte simulées envoyées.
22/04 - 17h59 - DEBUG - ✅ Nouvelle ligne ajoutée : 2025-04-21 19:20:00
22/04 - 17h59 - INFO - (SIM) Récupération des trades ouverts depuis le fichier .pkl
22/04 - 17h59 - DEBUG - (SIM) Données de compte simulées envoyées.
